Microchip MPLAB XC8 Compiler V2.40

Linker command line:

-W-3 \
  --edf=C:\Program Files\Microchip\xc8\v2.40\pic\dat\20220703182018_en.msgs \
  -cn -h+dist/default/production\PROYECTO02.X.production.sym \
  --cmf=dist/default/production\PROYECTO02.X.production.cmf -z -Q16F887 \
  -oC:\Users\carlo\AppData\Local\Temp\xcAsd40.4 --defsym=__MPLAB_BUILD=1 \
  --fixupoverflow=error \
  -Mdist/default/production/PROYECTO02.X.production.map \
  --md=C:\Users\carlo\AppData\Local\Temp\xcAsd40.dat -E1 -ver=XC8 Compiler \
  --acfsm=1493 -ACODE=00h-07FFhx4 -ASTRCODE=00h-01FFFh -ASTRING=00h-0FFhx32 \
  -ACONST=00h-0FFhx32 -AENTRY=00h-0FFhx32 -ACOMMON=070h-07Fh \
  -ABANK0=020h-06Fh -ABANK1=0A0h-0EFh -ABANK2=0110h-016Fh \
  -ABANK3=0190h-01EFh -ARAM=020h-06Fh,0A0h-0EFh,0110h-016Fh,0190h-01EFh \
  -AABS1=020h-07Fh,0A0h-0EFh,0110h-016Fh,0190h-01EFh -ASFR0=00h-01Fh \
  -ASFR1=080h-09Fh -ASFR2=0100h-010Fh -ASFR3=0180h-018Fh \
  -ACONFIG=02007h-02008h -DCONFIG=2 -AIDLOC=02000h-02003h -DIDLOC=2 \
  -AEEDATA=00h-0FFh/02100h -peeprom_data=EEDATA -DEEDATA=2 -DCODE=2 \
  -DSTRCODE=2 -DSTRING=2 -DCONST=2 -DENTRY=2 \
  -preset_vec=00h,intentry=04h,init,end_init -ppowerup=CODE -pcinit=CODE \
  -pfunctab=ENTRY -k C:\Users\carlo\AppData\Local\Temp\xcAsd40.o \
  dist/default/production\PROYECTO02.X.production.o 

Object code version is 3.11

Machine type is 16F887



                Name                               Link     Load   Length Selector   Space Scale
C:\Users\carlo\AppData\Local\Temp\xcAsd40.o
                end_init                              C        C        3        8       0
                reset_vec                             0        0        3        0       0
                config                             2007     2007        2        0       4
                idloc                              2000     2000        4        0       5
dist/default/production\PROYECTO02.X.production.o
                cinit                                 F        F        C        8       0
                intentry                              4        4        8        8       0
                config                             2007     2007        2        0       4
                idloc                              2000     2000        4        0       5
                text11                              F3B      F3B        F     1E76       0
                text10                              360      360      258        8       0
                text9                               F84      F84       27     1F08       0
                text8                                1B       1B      345        8       0
                text7                               737      737       78        8       0
                text6                               67D      67D       BA        8       0
                text5                               FAB      FAB       55     1F56       0
                text4                               F4A      F4A       15     1E94       0
                text3                               7AF      7AF       31        8       0
                text2                               7E0      7E0       17        8       0
                text1                               F5F      F5F       25     1EBE       0
                maintext                            5B8      5B8       C5        8       0
                cstackBANK0                          20       20       42       20       1
                cstackCOMMON                         70       70        B       70       1
                bssBANK0                             62       62        6       20       1

TOTAL           Name                               Link     Load   Length     Space
        CLASS   CODE           
                end_init                              C        C        3         0
                cinit                                 F        F        C         0
                intentry                              4        4        8         0
                reset_vec                             0        0        3         0
                text11                              F3B      F3B        F         0
                text10                              360      360      258         0
                text9                               F84      F84       27         0
                text8                                1B       1B      345         0
                text7                               737      737       78         0
                text6                               67D      67D       BA         0
                text5                               FAB      FAB       55         0
                text4                               F4A      F4A       15         0
                text3                               7AF      7AF       31         0
                text2                               7E0      7E0       17         0
                text1                               F5F      F5F       25         0
                maintext                            5B8      5B8       C5         0

        CLASS   STRCODE        

        CLASS   STRING         

        CLASS   CONST          

        CLASS   ENTRY          

        CLASS   COMMON         
                cstackCOMMON                         70       70        B         1

        CLASS   BANK0          
                cstackBANK0                          20       20       42         1
                bssBANK0                             62       62        6         1

        CLASS   BANK1          

        CLASS   BANK2          

        CLASS   BANK3          

        CLASS   RAM            

        CLASS   ABS1           
                abs_s1                               7E       7E        2         1

        CLASS   SFR0           

        CLASS   SFR1           

        CLASS   SFR2           

        CLASS   SFR3           

        CLASS   CONFIG         
                config                             2007     2007        2         4

        CLASS   IDLOC          
                idloc                              2000     2000        4         5

        CLASS   EEDATA         

        CLASS   STACK          



SEGMENTS        Name                           Load    Length   Top    Selector   Space  Class     Delta

                reset_vec                      000000  000003  000003         0       0  CODE        2
                intentry                       000004  0007F3  0007F7         8       0  CODE        2
                cstackBANK0                    000020  000048  000068        20       1  BANK0       1
                cstackCOMMON                   000070  00000B  00007B        70       1  COMMON      1
                text11                         000F3B  00000F  000F4A      1E76       0  CODE        2
                text4                          000F4A  000015  000F5F      1E94       0  CODE        2
                text1                          000F5F  000025  000F84      1EBE       0  CODE        2
                text9                          000F84  000027  000FAB      1F08       0  CODE        2
                text5                          000FAB  000055  001000      1F56       0  CODE        2


UNUSED ADDRESS RANGES

        Name                Unused          Largest block    Delta
        BANK0            0068-006F              8           1
        BANK1            00A0-00EF             50           1
        BANK2            0110-016F             60           1
        BANK3            0190-01EF             60           1
        CODE             0003-0003              1           2
                         07F7-0F3A              9
                         1000-1FFF            800
        COMMON           007B-007D              3           1
        CONST            0003-0003              1           2
                         07F7-0F3A            100
                         1000-1FFF            100
        EEDATA           2100-21FF            100           2
        ENTRY            0003-0003              1           2
                         07F7-0F3A            100
                         1000-1FFF            100
        RAM              0068-006F              8           1
                         00A0-00EF             50
                         0110-016F             60
                         0190-01EF             60
        SFR0             0000-001F             20           1
        SFR1             0080-009F             20           1
        SFR2             0100-010F             10           1
        SFR3             0180-018F             10           1
        STRCODE          0003-0003              1           2
                         07F7-0F3A            744
                         1000-1FFF           1000
        STRING           0003-0003              1           2
                         07F7-0F3A            100
                         1000-1FFF            100

                                  Symbol Table

?__Umul8_16              cstackCOMMON 0072
?___fladd                cstackBANK0  0040
?___flmul                cstackBANK0  0026
?___fltol                cstackBANK0  0054
?___xxtofl               cstackCOMMON 0072
ADC_to_PWM@voltaje       cstackBANK0  005E
_ADCON0bits              (abs)        001F
_ADCON1bits              (abs)        009F
_ADC_Voltaje             bssBANK0     0064
_ADC_to_PWM              text5        0FAB
_ADRESH                  (abs)        001E
_ANSEL                   (abs)        0188
_ANSELH                  (abs)        0189
_CCP1CONbits             (abs)        0017
_CCP2CONbits             (abs)        001D
_CCPR1L                  (abs)        0015
_CCPR2L                  (abs)        001B
_INTCONbits              (abs)        000B
_OPTION_REGbits          (abs)        0081
_OSCCONbits              (abs)        008F
_PIE1bits                (abs)        008C
_PIR1bits                (abs)        000C
_PORTA                   (abs)        0005
_PORTB                   (abs)        0006
_PORTC                   (abs)        0007
_PORTD                   (abs)        0008
_PORTE                   (abs)        0009
_PORTEbits               (abs)        0009
_PR2                     (abs)        0092
_T2CONbits               (abs)        0012
_TMR0                    (abs)        0001
_TRISA                   (abs)        0085
_TRISB                   (abs)        0086
_TRISC                   (abs)        0087
_TRISCbits               (abs)        0087
_TRISD                   (abs)        0088
_TRISE                   (abs)        0089
__Habs1                  abs1         0000
__Hbank0                 bank0        0000
__Hbank1                 bank1        0000
__Hbank2                 bank2        0000
__Hbank3                 bank3        0000
__HbssBANK0              bssBANK0     0000
__Hcinit                 cinit        001B
__Hclrtext               clrtext      0000
__Hcode                  code         0000
__Hcommon                common       0000
__Hconfig                config       2009
__HcstackBANK0           cstackBANK0  0000
__HcstackCOMMON          cstackCOMMON 0000
__Heeprom_data           eeprom_data  0000
__Hend_init              end_init     000F
__Hfunctab               functab      0000
__Hidloc                 idloc        2004
__Hinit                  init         000C
__Hintentry              intentry     000C
__Hmaintext              maintext     0000
__Hpowerup               powerup      0000
__Hram                   ram          0000
__Hreset_vec             reset_vec    0003
__Hsfr0                  sfr0         0000
__Hsfr1                  sfr1         0000
__Hsfr2                  sfr2         0000
__Hsfr3                  sfr3         0000
__Hspace_0               (abs)        1000
__Hspace_1               (abs)        007B
__Hspace_2               (abs)        0000
__Hspace_3               (abs)        0000
__Hspace_4               (abs)        4010
__Hstack                 stack        0000
__Hstrings               strings      0000
__Htext                  text         0000
__Labs1                  abs1         0000
__Lbank0                 bank0        0000
__Lbank1                 bank1        0000
__Lbank2                 bank2        0000
__Lbank3                 bank3        0000
__LbssBANK0              bssBANK0     0000
__Lcinit                 cinit        000F
__Lclrtext               clrtext      0000
__Lcode                  code         0000
__Lcommon                common       0000
__Lconfig                config       0000
__LcstackBANK0           cstackBANK0  0000
__LcstackCOMMON          cstackCOMMON 0000
__Leeprom_data           eeprom_data  0000
__Lend_init              end_init     000C
__Lfunctab               functab      0000
__Lidloc                 idloc        0000
__Linit                  init         000C
__Lintentry              intentry     0004
__Lmaintext              maintext     0000
__Lpowerup               powerup      0000
__Lram                   ram          0000
__Lreset_vec             reset_vec    0000
__Lsfr0                  sfr0         0000
__Lsfr1                  sfr1         0000
__Lsfr2                  sfr2         0000
__Lsfr3                  sfr3         0000
__Lspace_0               (abs)        0000
__Lspace_1               (abs)        0000
__Lspace_2               (abs)        0000
__Lspace_3               (abs)        0000
__Lspace_4               (abs)        0000
__Lstack                 stack        0000
__Lstrings               strings      0000
__Ltext                  text         0000
__S0                     (abs)        1000
__S1                     (abs)        007B
__S3                     (abs)        0000
__Umul8_16               text9        0F84
__Umul8_16@multiplicand  cstackCOMMON 0072
__Umul8_16@multiplier    cstackCOMMON 007A
__Umul8_16@product       cstackCOMMON 0076
__Umul8_16@word_mpld     cstackCOMMON 0078
___fladd                 text10       0360
___fladd@a               cstackBANK0  0044
___fladd@aexp            cstackBANK0  0051
___fladd@b               cstackBANK0  0040
___fladd@bexp            cstackBANK0  0052
___fladd@grs             cstackBANK0  0053
___fladd@signs           cstackBANK0  0050
___flmul                 text8        001B
___flmul@a               cstackBANK0  002A
___flmul@aexp            cstackBANK0  0038
___flmul@b               cstackBANK0  0026
___flmul@bexp            cstackBANK0  0039
___flmul@grs             cstackBANK0  0034
___flmul@prod            cstackBANK0  003A
___flmul@sign            cstackBANK0  0033
___flmul@temp            cstackBANK0  003E
___fltol                 text7        0737
___fltol@exp1            cstackBANK0  005D
___fltol@f1              cstackBANK0  0054
___fltol@sign1           cstackBANK0  005C
___int_sp                stack        0000
___latbits               (abs)        0002
___sp                    stack        0000
___stackhi               (abs)        0000
___stacklo               (abs)        0000
___xxtofl                text6        067D
___xxtofl@arg            cstackBANK0  0022
___xxtofl@exp            cstackBANK0  0021
___xxtofl@sign           cstackBANK0  0020
___xxtofl@val            cstackCOMMON 0072
__end_of_ADC_to_PWM      text5        1000
__end_of__Umul8_16       text9        0FAB
__end_of___fladd         text10       05B8
__end_of___flmul         text8        0360
__end_of___fltol         text7        07AF
__end_of___xxtofl        text6        0737
__end_of__initialization cinit        0017
__end_of_incModo         text4        0F5F
__end_of_isr             text11       0F4A
__end_of_main            maintext     067D
__end_of_setup           text3        07E0
__end_of_setupADC        text2        07F7
__end_of_setupPWM        text1        0F84
__initialization         cinit        000F
__pbssBANK0              bssBANK0     0062
__pcstackBANK0           cstackBANK0  0020
__pcstackCOMMON          cstackCOMMON 0070
__pintentry              intentry     0004
__pmaintext              maintext     05B8
__ptext1                 text1        0F5F
__ptext10                text10       0360
__ptext11                text11       0F3B
__ptext2                 text2        07E0
__ptext3                 text3        07AF
__ptext4                 text4        0F4A
__ptext5                 text5        0FAB
__ptext6                 text6        067D
__ptext7                 text7        0737
__ptext8                 text8        001B
__ptext9                 text9        0F84
_equivalent              bssBANK0     0062
_incModo                 text4        0F4A
_isr                     text11       0F3B
_main                    maintext     05B8
_modo                    bssBANK0     0066
_setup                   text3        07AF
_setupADC                text2        07E0
_setupPWM                text1        0F5F
btemp                    (abs)        007E
end_of_initialization    cinit        0017
interrupt_function       intentry     0004
intlevel0                functab      0000
intlevel1                functab      0000
intlevel2                functab      0000
intlevel3                functab      0000
intlevel4                functab      0000
intlevel5                functab      0000
reset_vec                reset_vec    0000
saved_w                  (abs)        007E
start                    init         000C
start_initialization     cinit        000F
wtemp0                   (abs)        007E


MODULE INFORMATION

Module		Function		Class		Link	Load	Size
C:\Program Files\Microchip\xc8\v2.40\pic\sources\c90\common\fltol.c
		___fltol       		CODE           	0737	0000	120

C:\Program Files\Microchip\xc8\v2.40\pic\sources\c90\common\fltol.c estimated size: 120

C:\Program Files\Microchip\xc8\v2.40\pic\sources\c90\common\sprcmul.c
		___flmul       		CODE           	001B	0000	837

C:\Program Files\Microchip\xc8\v2.40\pic\sources\c90\common\sprcmul.c estimated size: 837

C:\Program Files\Microchip\xc8\v2.40\pic\sources\c90\common\Umul8_16.c
		__Umul8_16     		CODE           	0F84	0000	39

C:\Program Files\Microchip\xc8\v2.40\pic\sources\c90\common\Umul8_16.c estimated size: 39

shared
		__initialization		CODE           	000F	0000	8

shared estimated size: 8

C:\Program Files\Microchip\xc8\v2.40\pic\sources\c90\common\sprcadd.c
		___fladd       		CODE           	0360	0000	600

C:\Program Files\Microchip\xc8\v2.40\pic\sources\c90\common\sprcadd.c estimated size: 600

main.c
		_setupPWM      		CODE           	0F5F	0000	37
		_incModo       		CODE           	0F4A	0000	21
		_main          		CODE           	05B8	0000	197
		_isr           		CODE           	0F3B	0000	15
		_ADC_to_PWM    		CODE           	0FAB	0000	85
		_setup         		CODE           	07AF	0000	49
		_setupADC      		CODE           	07E0	0000	23

main.c estimated size: 427

C:\Program Files\Microchip\xc8\v2.40\pic\sources\c90\common\xxtofl.c
		___xxtofl      		CODE           	067D	0000	186

C:\Program Files\Microchip\xc8\v2.40\pic\sources\c90\common\xxtofl.c estimated size: 186

